main.c:100:5:main	8	static
main.c:191:6:SystemClock_Config	88	static
main.c:236:13:MX_I2C1_Init	8	static
main.c:270:13:MX_USART2_UART_Init	8	static
main.c:303:13:MX_GPIO_Init	48	static
main.c:332:6:EEPROMWriteExample	16	static
main.c:341:6:EEPROMReadExample	24	static
main.c:351:6:EEPROMWrite	24	static
main.c:362:6:EEPROMRead	24	static
main.c:371:6:IOExpenderInit	24	static
main.c:379:6:IOExpenderReadPinA	24	static
main.c:386:6:IOExpenderWritePinB	24	static
main.c:401:6:Error_Handler	4	static,ignoring_inline_asm
